// Jest Snapshot v1, https://goo.gl/fbAQLP

exports[`should match the snapshot 1`] = `
<DocumentFragment>
  <div
    class="App"
  >
    <nav
      class="navbar navbar-expand navbar-dark bg-dark"
    >
      <a
        class="active navbar-brand"
        href="/"
      >
        EMOTIONAL CHRONICLES
      </a>
      <div
        class="ml-auto navbar-nav"
      >
        <a
          class="nav-link"
          data-rb-event-key="/howitworks"
          href="/howitworks"
        >
          How It Works
        </a>
        <a
          class="nav-link"
          data-rb-event-key="/inspiration"
          href="/inspiration"
        >
          Get Some Inspiration
        </a>
        <a
          class="nav-link"
          data-rb-event-key="/login"
          href="/login"
        >
          Login
        </a>
        <a
          class="nav-link"
          data-rb-event-key="/signup"
          href="/signup"
        >
          Signup
        </a>
      </div>
    </nav>
    <div>
      <div>
        <h1>
          Welcome to your Emotional Chronicles
        </h1>
        <img
          class="img-fluid"
          src="diaryhero.png"
        />
        <div
          class="justify-content-center m-2 container-fluid"
        >
          <a
            href="/login"
          >
            <button
              class="m-4 btn btn-dark"
              type="button"
            >
              LOGIN
            </button>
          </a>
          <a
            href="/signup"
          >
            <button
              class="m-4 btn btn-dark"
              type="button"
            >
              SIGNUP
            </button>
          </a>
        </div>
      </div>
    </div>
  </div>
</DocumentFragment>
`;
