// Jest Snapshot v1, https://goo.gl/fbAQLP

exports[`should match the snapshot 1`] = `
<DocumentFragment>
  <div
    class="justify-content-center my-5 container-fluid"
  >
    <div
      class="shadow m-4 p-4 bg-dark"
    >
      <p
        class="text-light m-3"
      >
        click any of these emoptions you are feeling today:
      </p>
      <div
        class="tag-cloud"
      />
    </div>
    <div
      class="m-4 shadow card"
    >
      <div
        class="card-body"
      >
        <p
          class="display-5 lead card-text"
        >
          Something to write about...
        </p>
        <p
          class="display-4 card-text"
        />
        <button
          class="btn btn-dark"
          type="button"
        >
          GET A NEW PROMPT
        </button>
      </div>
    </div>
    <form
      class="m-4 shadow"
    >
      <div
        class="form-group"
      >
        <div
          id="pattern"
        >
          <textarea
            class="form-control"
            id="diaryEntry"
            name="diaryEntry"
            rows="20"
            type="text"
          />
        </div>
      </div>
      <button
        class="mb-4 btn btn-dark"
        type="submit"
      >
        RECORD
      </button>
    </form>
    <div
      class="m-4 shadow card"
    >
      <div
        class="card-body"
      >
        <div
          class="card-header"
        >
          Something to inspire you...
        </div>
        <p
          class="display-4 card-text"
        />
        <button
          class="mb-4 btn btn-dark"
          type="button"
        >
          GET MORE INSPIRATION
        </button>
        <div
          class="card-footer"
        >
          <p
            class="card-text"
          >
            Share some inspiration...
          </p>
          <form
            class="form-inline"
          >
            <input
              class="col-10 form-control"
              name="inspText"
              type="text"
              value=""
            />
            <button
              class="ml-2 btn btn-dark"
              type="submit"
            >
              SHARE
            </button>
          </form>
        </div>
      </div>
    </div>
  </div>
</DocumentFragment>
`;
