// Jest Snapshot v1, https://goo.gl/fbAQLP

exports[`should match the snapshot 1`] = `
<DocumentFragment>
  <div
    class="justify-content-center m-5 container"
  >
    <div
      class="card"
    >
      <div
        class="card-header"
      >
        Invalid DateTime
      </div>
      <div
        class="card-body"
      >
        <p
          class="card-text"
        >
          You wrote:
        </p>
        <p
          class="card-text"
        />
        <p
          class="card-text"
        >
          Your writing prompt was:
        </p>
        <p
          class="card-text"
        />
        <p
          class="card-text"
        >
          You may have been inspired by:
        </p>
        <p
          class="card-text"
        />
        <div
          class="row g-1 justify-content-around"
        >
          <div
            class="col-5"
          >
            <p
              class="card-text"
            >
              You said you were feeling:
            </p>
            <p
              class="card-text"
            >
              You didn't share this with us
            </p>
          </div>
          <div
            class="col-5"
          >
            <p
              class="card-text"
            >
              Our analysis shows you might be feeling:
            </p>
            <div
              class="list-group"
            />
          </div>
        </div>
        <div>
          <p>
            Emotional Radar
          </p>
          <div
            class="recharts-responsive-container"
            style="width: 75%; height: 300px;"
          />
        </div>
      </div>
    </div>
  </div>
</DocumentFragment>
`;
