// Jest Snapshot v1, https://goo.gl/fbAQLP

exports[`should match the snapshot 1`] = `
<DocumentFragment>
  <div>
    <h1>
      Welcome to your Emotional Chronicles
    </h1>
    <img
      class="img-fluid"
      src="diaryhero.png"
    />
    <div
      class="justify-content-center m-2 container-fluid"
    >
      <a
        href="/today"
      >
        <button
          class="m-4 btn btn-dark"
          type="button"
        >
          TODAY
        </button>
      </a>
      <a
        href="/calendar"
      >
        <button
          class="m-4 btn btn-dark"
          type="button"
        >
          YOUR CALENDAR
        </button>
      </a>
    </div>
  </div>
</DocumentFragment>
`;
